
> demo@1.0.0 dev
> nodemon server.js

[33m[nodemon] 3.1.14[39m
[33m[nodemon] to restart at any time, enter `rs`[39m
[33m[nodemon] watching path(s): *.*[39m
[33m[nodemon] watching extensions: js,mjs,cjs,json[39m
[32m[nodemon] starting `node server.js`[39m
◇ injected env (3) from .env // tip: ◈ secrets for agents [www.dotenvx.com]
Failed to connect to MongoDB Error: querySrv ECONNREFUSED _mongodb._tcp.nodedemoapp.8vqr9py.mongodb.net
    at QueryReqWrap.onresolve [as oncomplete] (node:internal/dns/promises:295:17) {
  errno: undefined,
  code: 'ECONNREFUSED',
  syscall: 'querySrv',
  hostname: '_mongodb._tcp.nodedemoapp.8vqr9py.mongodb.net'
}
[31m[nodemon] app crashed - waiting for file changes before starting...[39m
[32m[nodemon] restarting due to changes...[39m
[32m[nodemon] starting `node server.js`[39m
◇ injected env (3) from .env // tip: ⌁ auth for agents [www.vestauth.com]
MongoDB connected
Server running on port 3000
[0mGET /health [32m200[0m 1.337 ms - 15[0m
[0mPOST /api/users [32m201[0m 154.127 ms - 171[0m
[0mGET /api/users [32m200[0m 81.199 ms - 173[0m
[0mPOST /api/users [32m201[0m 33.927 ms - 172[0m
[0mGET /api/users [32m200[0m 34.670 ms - 346[0m
[0mPOST /api/users [32m201[0m 105.210 ms - 161[0m
[0mGET /api/users [32m200[0m 38.216 ms - 508[0m
[32m[nodemon] restarting due to changes...[39m
[32m[nodemon] restarting due to changes...[39m
[32m[nodemon] starting `node server.js`[39m
◇ injected env (3) from .env // tip: ⌁ auth for agents [www.vestauth.com]
MongoDB connected
Server running on port 3000
[32m[nodemon] restarting due to changes...[39m
[32m[nodemon] starting `node server.js`[39m
◇ injected env (3) from .env // tip: ◈ encrypted .env [www.dotenvx.com]
MongoDB connected
Server running on port 3000
[32m[nodemon] restarting due to changes...[39m
[32m[nodemon] starting `node server.js`[39m
◇ injected env (3) from .env // tip: ◈ encrypted .env [www.dotenvx.com]
MongoDB connected
Server running on port 3000
[0mGET / [33m404[0m 3.044 ms - 139[0m
[0mGET / [33m404[0m 0.690 ms - 139[0m
[0mGET / [33m404[0m 0.448 ms - 139[0m
[0mGET / [33m404[0m 0.462 ms - 139[0m
[0mGET / [33m404[0m 0.594 ms - 139[0m
[0mGET /health [32m200[0m 1.477 ms - 15[0m
[0mGET / [33m404[0m 0.441 ms - 139[0m
[0mGET /api/users [32m200[0m 34.483 ms - 508[0m
[0mPOST /api/users [32m201[0m 67.845 ms - 178[0m
[0mGET / [33m404[0m 0.536 ms - 139[0m
[0mGET /api/users [32m200[0m 34.307 ms - 687[0m
[0mGET /api/users [36m304[0m 30.648 ms - -[0m
[0mGET /api/users [36m304[0m 27.841 ms - -[0m
[0mGET /api/users [36m304[0m 34.447 ms - -[0m
[0mPOST /api/users [32m201[0m 32.727 ms - 171[0m
[0mGET /api/users [32m200[0m 29.624 ms - 859[0m
[0mGET /api/users [36m304[0m 32.087 ms - -[0m
[0mGET /api/users [36m304[0m 28.102 ms - -[0m
[0mGET /api/users [36m304[0m 52.286 ms - -[0m
[0mGET /api/users [36m304[0m 44.857 ms - -[0m
[0mGET /api/users [36m304[0m 26.228 ms - -[0m
[32m[nodemon] restarting due to changes...[39m
[32m[nodemon] starting `node server.js`[39m
◇ injected env (3) from .env // tip: ⌘ suppress logs { quiet: true }
MongoDB connected
Server running on port 3000
[32m[nodemon] restarting due to changes...[39m
[32m[nodemon] starting `node server.js`[39m
◇ injected env (3) from .env // tip: ⌁ auth for agents [www.vestauth.com]
MongoDB connected
Server running on port 3000
[0mGET /api/users [36m304[0m 44.749 ms - -[0m
(node:4728) [MONGOOSE] Warning: mongoose: the `new` option for `findOneAndUpdate()` and `findOneAndReplace()` is deprecated. Use `returnDocument: 'after'` instead.
(Use `node --trace-warnings ...` to show where the warning was created)
[0mPUT /api/users/6a6c5bb78f96f8b3752c6c20 [32m200[0m 64.528 ms - 170[0m
[0mGET /api/users [32m200[0m 28.557 ms - 858[0m
[0mGET /api/users [36m304[0m 27.774 ms - -[0m
(node:4728) [MONGOOSE] Warning: mongoose: the `new` option for `findOneAndUpdate()` and `findOneAndReplace()` is deprecated. Use `returnDocument: 'after'` instead.
[0mPUT /api/users/6a6c5bb78f96f8b3752c6c20 [32m200[0m 29.158 ms - 170[0m
[0mGET /api/users [32m200[0m 37.245 ms - 858[0m
[0mGET /health [32m200[0m 0.243 ms - 15[0m
[0mGET /api/users [32m200[0m 27.183 ms - 858[0m
(node:4728) [MONGOOSE] Warning: mongoose: the `new` option for `findOneAndUpdate()` and `findOneAndReplace()` is deprecated. Use `returnDocument: 'after'` instead.
[0mPUT /api/users/6a6c5b468f96f8b3752c6c1f [32m200[0m 31.692 ms - 186[0m
[32m[nodemon] restarting due to changes...[39m
[32m[nodemon] starting `node server.js`[39m
◇ injected env (3) from .env // tip: ⌘ enable debugging { debug: true }
MongoDB connected
Server running on port 3000
[32m[nodemon] restarting due to changes...[39m
[32m[nodemon] starting `node server.js`[39m
◇ injected env (3) from .env // tip: ⌘ suppress logs { quiet: true }
MongoDB connected
Server running on port 3000
[32m[nodemon] restarting due to changes...[39m
[32m[nodemon] starting `node server.js`[39m
◇ injected env (3) from .env // tip: ⌘ override existing { override: true }
MongoDB connected
Server running on port 3000
[32m[nodemon] restarting due to changes...[39m
[32m[nodemon] starting `node server.js`[39m
◇ injected env (3) from .env // tip: ⌁ auth for agents [www.vestauth.com]
MongoDB connected
Server running on port 3000
[32m[nodemon] restarting due to changes...[39m
[32m[nodemon] starting `node server.js`[39m
◇ injected env (3) from .env // tip: ⌘ override existing { override: true }
MongoDB connected
Server running on port 3000
[32m[nodemon] restarting due to changes...[39m
[32m[nodemon] starting `node server.js`[39m
◇ injected env (3) from .env // tip: ◈ secrets for agents [www.dotenvx.com]
MongoDB connected
Server running on port 3000
[32m[nodemon] restarting due to changes...[39m
[32m[nodemon] starting `node server.js`[39m
◇ injected env (3) from .env // tip: ⌘ override existing { override: true }
MongoDB connected
Server running on port 3000
[32m[nodemon] restarting due to changes...[39m
[32m[nodemon] starting `node server.js`[39m
◇ injected env (3) from .env // tip: ◈ secrets for agents [www.dotenvx.com]
MongoDB connected
Server running on port 3000
[32m[nodemon] restarting due to changes...[39m
[32m[nodemon] starting `node server.js`[39m
◇ injected env (3) from .env // tip: ⌘ enable debugging { debug: true }
MongoDB connected
Server running on port 3000
[32m[nodemon] restarting due to changes...[39m
[32m[nodemon] starting `node server.js`[39m
◇ injected env (3) from .env // tip: ⌘ custom filepath { path: '/custom/path/.env' }
Failed to connect to MongoDB Error: querySrv ECONNREFUSED _mongodb._tcp.nodedemoapp.8vqr9py.mongodb.net
    at QueryReqWrap.onresolve [as oncomplete] (node:internal/dns/promises:295:17) {
  errno: undefined,
  code: 'ECONNREFUSED',
  syscall: 'querySrv',
  hostname: '_mongodb._tcp.nodedemoapp.8vqr9py.mongodb.net'
}
[31m[nodemon] app crashed - waiting for file changes before starting...[39m
[32m[nodemon] restarting due to changes...[39m
[32m[nodemon] starting `node server.js`[39m
◇ injected env (3) from .env // tip: ◈ secrets for agents [www.dotenvx.com]
MongoDB connection attempt 1 failed: querySrv ECONNREFUSED _mongodb._tcp.nodedemoapp.8vqr9py.mongodb.net. Retrying in 3000ms...
MongoDB connection attempt 2 failed: querySrv ECONNREFUSED _mongodb._tcp.nodedemoapp.8vqr9py.mongodb.net. Retrying in 3000ms...
MongoDB connection attempt 3 failed: querySrv ECONNREFUSED _mongodb._tcp.nodedemoapp.8vqr9py.mongodb.net. Retrying in 3000ms...
MongoDB connection attempt 4 failed: querySrv ECONNREFUSED _mongodb._tcp.nodedemoapp.8vqr9py.mongodb.net. Retrying in 3000ms...
Failed to connect to MongoDB Error: querySrv ECONNREFUSED _mongodb._tcp.nodedemoapp.8vqr9py.mongodb.net
    at QueryReqWrap.onresolve [as oncomplete] (node:internal/dns/promises:295:17) {
  errno: undefined,
  code: 'ECONNREFUSED',
  syscall: 'querySrv',
  hostname: '_mongodb._tcp.nodedemoapp.8vqr9py.mongodb.net'
}
[31m[nodemon] app crashed - waiting for file changes before starting...[39m
[32m[nodemon] restarting due to changes...[39m
[32m[nodemon] starting `node server.js`[39m
◇ injected env (3) from .env // tip: ◈ secrets for agents [www.dotenvx.com]
MongoDB connected
Server running on port 3000
[32m[nodemon] restarting due to changes...[39m
[32m[nodemon] restarting due to changes...[39m
[32m[nodemon] starting `node server.js`[39m
◇ injected env (3) from .env // tip: ⌁ auth for agents [www.vestauth.com]
[32m[nodemon] restarting due to changes...[39m
[32m[nodemon] starting `node server.js`[39m
◇ injected env (3) from .env // tip: ◈ encrypted .env [www.dotenvx.com]
MongoDB connected
Server running on port 3000
[31m[nodemon] app crashed - waiting for file changes before starting...[39m
